D:/STM32 IoT Thinkspeak/CMSIS/Core/Include/core_cm4.h:1684:22:__NVIC_EnableIRQ	16	static,ignoring_inline_asm
../Src/main.c:19:6:LED_Init	4	static
../Src/main.c:32:6:UART1_Init	8	static
../Src/main.c:59:5:Uart1_ReadChar	16	static
../Src/main.c:70:6:Uart1_Write	16	static
../Src/main.c:76:6:Uart1_SendString	16	static
../Src/main.c:85:6:USART1_IRQHandler	16	static
../Src/main.c:101:6:UART2_Init	4	static
../Src/main.c:114:6:UART2_WriteChar	16	static
../Src/main.c:120:6:UART2_SendString	16	static
../Src/main.c:126:6:ESP_Check_OK	32	static
../Src/main.c:160:6:ESP_GetIP	40	static
../Src/main.c:227:6:ESP_SendCommand	32	static
../Src/main.c:241:6:ESP_Init	168	static
../Src/main.c:297:6:Server_Start	16	static
../Src/main.c:380:5:main	8	static
